[INFO] [launch]: All log files can be found below /research-ws/qualification/terminal-default-ros/2026-10-08-09-19-16-561677-badger-linux-120
[INFO] [launch]: Default logging verbosity is set to INFO
[INFO] [launch.user]: Active-road research entry: no Nav2/MPPI/SLAM task stack
[INFO] [robot_state_publisher-1]: process started with pid [126]
[INFO] [joint_state_publisher-2]: process started with pid [130]
[INFO] [super_lio_node-3]: process started with pid [134]
[INFO] [super_lio_vehicle_adapter-4]: process started with pid [138]
[INFO] [super_lio_cloud_frame_adapter-5]: process started with pid [142]
[INFO] [active_road_map-6]: process started with pid [146]
[INFO] [active_road_evidence-7]: process started with pid [150]
[INFO] [active_observation-8]: process started with pid [154]
[INFO] [research_observed_ground-9]: process started with pid [158]
[INFO] [research_local_obstacle_grid-10]: process started with pid [162]
[INFO] [motion_plan-11]: process started with pid [166]
[INFO] [research_tf_guard-12]: process started with pid [170]
[INFO] [rtk_map_odom_corrector_node-13]: process started with pid [174]
[INFO] [corridor_cmd_vel_guard_node-14]: process started with pid [177]
[INFO] [research_safety_bridge-15]: process started with pid [182]
[INFO] [research_operator_console-16]: process started with pid [186]
[robot_state_publisher-1] [INFO] [1791451163.536644845] [robot_state_publisher]: got segment base_footprint
[robot_state_publisher-1] [INFO] [1791451163.627847331] [robot_state_publisher]: got segment base_link
[robot_state_publisher-1] [INFO] [1791451163.628101914] [robot_state_publisher]: got segment camera_link
[robot_state_publisher-1] [INFO] [1791451163.628179596] [robot_state_publisher]: got segment handle_bar_link
[robot_state_publisher-1] [INFO] [1791451163.628248563] [robot_state_publisher]: got segment handle_left_link
[robot_state_publisher-1] [INFO] [1791451163.628313718] [robot_state_publisher]: got segment handle_right_link
[robot_state_publisher-1] [INFO] [1791451163.628395551] [robot_state_publisher]: got segment imu_link
[robot_state_publisher-1] [INFO] [1791451163.628454919] [robot_state_publisher]: got segment laser_link
[robot_state_publisher-1] [INFO] [1791451163.628515906] [robot_state_publisher]: got segment left_back_wheel_link
[robot_state_publisher-1] [INFO] [1791451163.628579174] [robot_state_publisher]: got segment left_caster_link
[robot_state_publisher-1] [INFO] [1791451163.628641680] [robot_state_publisher]: got segment left_front_wheel_link
[robot_state_publisher-1] [INFO] [1791451163.628705967] [robot_state_publisher]: got segment right_back_wheel_link
[robot_state_publisher-1] [INFO] [1791451163.628769697] [robot_state_publisher]: got segment right_caster_link
[robot_state_publisher-1] [INFO] [1791451163.628831739] [robot_state_publisher]: got segment right_front_wheel_link
[super_lio_node-3] WARNING: Logging before InitGoogleLogging() is written to STDERR
[super_lio_node-3] I1008 09:19:24.029771   134 ROSWrapper.cpp:17] [32m ---> [Param] map/save_map: false[0m
[super_lio_node-3] I1008 09:19:24.225971   134 ROSWrapper.cpp:195] [32m ---> [Params]: Load from ROS2 parameter server.[0m
[super_lio_node-3] I1008 09:19:24.226126   134 ROSWrapper.cpp:279] [32m ---> Using Lidar type: LIVOX[0m
[motion_plan-11] [INFO] [1791451164.229201539] [ego_vehicle_adapter]: Vehicle EGO adapter ready; waiting for measured odom, road reference, obstacle grid and map version
[super_lio_node-3]  ---> OctVoxMap init. Resolution: 0.5 Capacity: 2000000
[super_lio_node-3] I1008 09:19:24.632449   134 super_lio.cpp:86] [32m ---> [SuperLIO]: initialized.[0m
[joint_state_publisher-2] [INFO] [1791451180.933079610] [joint_state_publisher]: Waiting for robot_description to be published on the robot_description topic...
[research_operator_console-16] [INFO] [1791451182.527786934] [research_operator_console]: Research cockpit: http://127.0.0.1:8886; startup mode=replay; actuator=False
[rtk_map_odom_corrector_node-13] [INFO] [1791451184.836017558] [rtk_map_odom_corrector]: RTK authority gates: yaw=20.0deg position=1.50m recovery=5/0.30s; release=0.20m/s 2.0deg/s
[WARNING] [launch]: user interrupted with ctrl-c (SIGINT)
[INFO] [research_operator_console-16]: sending signal 'SIGINT' to process[research_operator_console-16]
[INFO] [research_safety_bridge-15]: sending signal 'SIGINT' to process[research_safety_bridge-15]
[INFO] [corridor_cmd_vel_guard_node-14]: sending signal 'SIGINT' to process[corridor_cmd_vel_guard_node-14]
[INFO] [rtk_map_odom_corrector_node-13]: sending signal 'SIGINT' to process[rtk_map_odom_corrector_node-13]
[INFO] [research_tf_guard-12]: sending signal 'SIGINT' to process[research_tf_guard-12]
[INFO] [motion_plan-11]: sending signal 'SIGINT' to process[motion_plan-11]
[INFO] [research_local_obstacle_grid-10]: sending signal 'SIGINT' to process[research_local_obstacle_grid-10]
[INFO] [research_observed_ground-9]: sending signal 'SIGINT' to process[research_observed_ground-9]
[INFO] [active_observation-8]: sending signal 'SIGINT' to process[active_observation-8]
[INFO] [active_road_evidence-7]: sending signal 'SIGINT' to process[active_road_evidence-7]
[INFO] [active_road_map-6]: sending signal 'SIGINT' to process[active_road_map-6]
[INFO] [super_lio_cloud_frame_adapter-5]: sending signal 'SIGINT' to process[super_lio_cloud_frame_adapter-5]
[INFO] [super_lio_vehicle_adapter-4]: sending signal 'SIGINT' to process[super_lio_vehicle_adapter-4]
[INFO] [super_lio_node-3]: sending signal 'SIGINT' to process[super_lio_node-3]
[INFO] [joint_state_publisher-2]: sending signal 'SIGINT' to process[joint_state_publisher-2]
[INFO] [robot_state_publisher-1]: sending signal 'SIGINT' to process[robot_state_publisher-1]
[research_tf_guard-12] [INFO] [1791451349.227547308] [rclcpp]: signal_handler(SIGINT/SIGTERM)
[motion_plan-11] [INFO] [1791451349.333505763] [rclcpp]: signal_handler(SIGINT/SIGTERM)
[corridor_cmd_vel_guard_node-14] Traceback (most recent call last):
[corridor_cmd_vel_guard_node-14]   File "/research-ws/fresh14/install/gps_waypoint_dispatcher/lib/gps_waypoint_dispatcher/corridor_cmd_vel_guard_node", line 33, in <module>
[corridor_cmd_vel_guard_node-14]     sys.exit(load_entry_point('gps-waypoint-dispatcher==1.0.0', 'console_scripts', 'corridor_cmd_vel_guard_node')())
[corridor_cmd_vel_guard_node-14]   File "/research-ws/fresh14/install/gps_waypoint_dispatcher/lib/python3.10/site-packages/gps_waypoint_dispatcher/corridor_cmd_vel_guard_node.py", line 117, in main
[corridor_cmd_vel_guard_node-14]     rclpy.spin(node)
[corridor_cmd_vel_guard_node-14]   File "/opt/ros/humble/local/lib/python3.10/dist-packages/rclpy/__init__.py", line 229, in spin
[corridor_cmd_vel_guard_node-14]     executor.spin_once()
[corridor_cmd_vel_guard_node-14]   File "/opt/ros/humble/local/lib/python3.10/dist-packages/rclpy/executors.py", line 812, in spin_once
[corridor_cmd_vel_guard_node-14]     self._spin_once_impl(timeout_sec)
[corridor_cmd_vel_guard_node-14]   File "/opt/ros/humble/local/lib/python3.10/dist-packages/rclpy/executors.py", line 801, in _spin_once_impl
[corridor_cmd_vel_guard_node-14]     handler, entity, node = self.wait_for_ready_callbacks(timeout_sec=timeout_sec)
[corridor_cmd_vel_guard_node-14]   File "/opt/ros/humble/local/lib/python3.10/dist-packages/rclpy/executors.py", line 784, in wait_for_ready_callbacks
[corridor_cmd_vel_guard_node-14]     return next(self._cb_iter)
[corridor_cmd_vel_guard_node-14]   File "/opt/ros/humble/local/lib/python3.10/dist-packages/rclpy/executors.py", line 681, in _wait_for_ready_callbacks
[corridor_cmd_vel_guard_node-14]     wait_set.wait(timeout_nsec)
[corridor_cmd_vel_guard_node-14] KeyboardInterrupt
[super_lio_node-3] [INFO] [1791451350.333852913] [rclcpp]: signal_handler(SIGINT/SIGTERM)
[INFO] [research_tf_guard-12]: process has finished cleanly [pid 170]
[super_lio_node-3] I1008 09:22:30.430153   134 timer.h:40] >>> ===== Printing run time =====
[robot_state_publisher-1] [INFO] [1791451350.725614043] [rclcpp]: signal_handler(SIGINT/SIGTERM)
[ERROR] [corridor_cmd_vel_guard_node-14]: process has died [pid 177, exit code -2, cmd '/research-ws/fresh14/install/gps_waypoint_dispatcher/lib/gps_waypoint_dispatcher/corridor_cmd_vel_guard_node --ros-args -r __node:=corridor_cmd_vel_guard --params-file /research-ws/fresh14/install/bringup/share/bringup/config/master_params.yaml --params-file /research-ws/tmp/launch_params_ve8c067n'].
[INFO] [motion_plan-11]: process has finished cleanly [pid 166]
[INFO] [research_safety_bridge-15]: process has finished cleanly [pid 182]
[INFO] [research_operator_console-16]: process has finished cleanly [pid 186]
[INFO] [robot_state_publisher-1]: process has finished cleanly [pid 126]
[INFO] [research_local_obstacle_grid-10]: process has finished cleanly [pid 162]
[INFO] [super_lio_node-3]: process has finished cleanly [pid 134]
[INFO] [active_road_map-6]: process has finished cleanly [pid 146]
[INFO] [active_road_evidence-7]: process has finished cleanly [pid 150]
[INFO] [super_lio_cloud_frame_adapter-5]: process has finished cleanly [pid 142]
[INFO] [rtk_map_odom_corrector_node-13]: process has finished cleanly [pid 174]
[INFO] [research_observed_ground-9]: process has finished cleanly [pid 158]
[INFO] [active_observation-8]: process has finished cleanly [pid 154]
[INFO] [joint_state_publisher-2]: process has finished cleanly [pid 130]
[INFO] [super_lio_vehicle_adapter-4]: process has finished cleanly [pid 138]
