Shared Python/C++ physical constants match the approved lock
{"status": "PASS", "architecture": "aarch64", "file_count": 30}
{
  "domain": 93,
  "mode": "default replay",
  "test_only_overrides": {
    "console_port": 8886
  },
  "deliberate_override_probes": [],
  "missing_expected_nodes": [],
  "forbidden_nodes": [],
  "launch_exit_before_cleanup": null,
  "expected_child_count": 16,
  "status": "PASS",
  "cleanup_exit": 0,
  "owned_child_shutdown": [
    {
      "pid": 126,
      "launch_name": "robot_state_publisher-1",
      "exit": 0,
      "baseline_expected_interrupt": false,
      "alive_after_cleanup": false
    },
    {
      "pid": 130,
      "launch_name": "joint_state_publisher-2",
      "exit": 0,
      "baseline_expected_interrupt": false,
      "alive_after_cleanup": false
    },
    {
      "pid": 134,
      "launch_name": "super_lio_node-3",
      "exit": 0,
      "baseline_expected_interrupt": false,
      "alive_after_cleanup": false
    },
    {
      "pid": 138,
      "launch_name": "super_lio_vehicle_adapter-4",
      "exit": 0,
      "baseline_expected_interrupt": false,
      "alive_after_cleanup": false
    },
    {
      "pid": 142,
      "launch_name": "super_lio_cloud_frame_adapter-5",
      "exit": 0,
      "baseline_expected_interrupt": false,
      "alive_after_cleanup": false
    },
    {
      "pid": 146,
      "launch_name": "active_road_map-6",
      "exit": 0,
      "baseline_expected_interrupt": false,
      "alive_after_cleanup": false
    },
    {
      "pid": 150,
      "launch_name": "active_road_evidence-7",
      "exit": 0,
      "baseline_expected_interrupt": false,
      "alive_after_cleanup": false
    },
    {
      "pid": 154,
      "launch_name": "active_observation-8",
      "exit": 0,
      "baseline_expected_interrupt": false,
      "alive_after_cleanup": false
    },
    {
      "pid": 158,
      "launch_name": "research_observed_ground-9",
      "exit": 0,
      "baseline_expected_interrupt": false,
      "alive_after_cleanup": false
    },
    {
      "pid": 162,
      "launch_name": "research_local_obstacle_grid-10",
      "exit": 0,
      "baseline_expected_interrupt": false,
      "alive_after_cleanup": false
    },
    {
      "pid": 166,
      "launch_name": "motion_plan-11",
      "exit": 0,
      "baseline_expected_interrupt": false,
      "alive_after_cleanup": false
    },
    {
      "pid": 170,
      "launch_name": "research_tf_guard-12",
      "exit": 0,
      "baseline_expected_interrupt": false,
      "alive_after_cleanup": false
    },
    {
      "pid": 174,
      "launch_name": "rtk_map_odom_corrector_node-13",
      "exit": 0,
      "baseline_expected_interrupt": false,
      "alive_after_cleanup": false
    },
    {
      "pid": 177,
      "launch_name": "corridor_cmd_vel_guard_node-14",
      "exit": -2,
      "baseline_expected_interrupt": true,
      "alive_after_cleanup": false
    },
    {
      "pid": 182,
      "launch_name": "research_safety_bridge-15",
      "exit": 0,
      "baseline_expected_interrupt": false,
      "alive_after_cleanup": false
    },
    {
      "pid": 186,
      "launch_name": "research_operator_console-16",
      "exit": 0,
      "baseline_expected_interrupt": false,
      "alive_after_cleanup": false
    }
  ],
  "unexpected_shutdown_children": [],
  "clean_shutdown_status": "PASS"
}
ARM64_SHUTDOWN_DEFAULT_QUALIFIED_COMPLETED
