Traceback (most recent call last):
  File "/usr/lib/python3.10/runpy.py", line 196, in _run_module_as_main
    return _run_code(code, main_globals, None,
  File "/usr/lib/python3.10/runpy.py", line 86, in _run_code
    exec(code, run_globals)
  File "/usr/lib/python3/dist-packages/pytest/__main__.py", line 5, in <module>
    raise SystemExit(pytest.console_main())
  File "/usr/lib/python3/dist-packages/_pytest/config/__init__.py", line 185, in console_main
    code = main()
  File "/usr/lib/python3/dist-packages/_pytest/config/__init__.py", line 143, in main
    config = _prepareconfig(args, plugins)
  File "/usr/lib/python3/dist-packages/_pytest/config/__init__.py", line 318, in _prepareconfig
    config = pluginmanager.hook.pytest_cmdline_parse(
  File "/usr/lib/python3/dist-packages/pluggy/hooks.py", line 286, in __call__
    return self._hookexec(self, self.get_hookimpls(), kwargs)
  File "/usr/lib/python3/dist-packages/pluggy/manager.py", line 92, in _hookexec
    return self._inner_hookexec(hook, methods, kwargs)
  File "/usr/lib/python3/dist-packages/pluggy/manager.py", line 83, in <lambda>
    self._inner_hookexec = lambda hook, methods, kwargs: hook.multicall(
  File "/usr/lib/python3/dist-packages/pluggy/callers.py", line 203, in _multicall
    gen.send(outcome)
  File "/usr/lib/python3/dist-packages/_pytest/helpconfig.py", line 100, in pytest_cmdline_parse
    config: Config = outcome.get_result()
  File "/usr/lib/python3/dist-packages/pluggy/callers.py", line 80, in get_result
    raise ex[1].with_traceback(ex[2])
  File "/usr/lib/python3/dist-packages/pluggy/callers.py", line 187, in _multicall
    res = hook_impl.function(*args)
  File "/usr/lib/python3/dist-packages/_pytest/config/__init__.py", line 1003, in pytest_cmdline_parse
    self.parse(args)
  File "/usr/lib/python3/dist-packages/_pytest/config/__init__.py", line 1283, in parse
    self._preparse(args, addopts=addopts)
  File "/usr/lib/python3/dist-packages/_pytest/config/__init__.py", line 1172, in _preparse
    self.pluginmanager.load_setuptools_entrypoints("pytest11")
  File "/usr/lib/python3/dist-packages/pluggy/manager.py", line 297, in load_setuptools_entrypoints
    plugin = ep.load()
  File "/usr/lib/python3.10/importlib/metadata/__init__.py", line 171, in load
    module = import_module(match.group('module'))
  File "/usr/lib/python3.10/importlib/__init__.py", line 126, in import_module
    return _bootstrap._gcd_import(name[level:], package, level)
  File "<frozen importlib._bootstrap>", line 1050, in _gcd_import
  File "<frozen importlib._bootstrap>", line 1027, in _find_and_load
  File "<frozen importlib._bootstrap>", line 1006, in _find_and_load_unlocked
  File "<frozen importlib._bootstrap>", line 688, in _load_unlocked
  File "/usr/lib/python3/dist-packages/_pytest/assertion/rewrite.py", line 170, in exec_module
    exec(co, module.__dict__)
  File "/home/badger/.local/lib/python3.10/site-packages/anyio/pytest_plugin.py", line 15, in <module>
    from _pytest.scope import Scope
ModuleNotFoundError: No module named '_pytest.scope'
