$ python3 -m pip wheel --no-deps --wheel-dir /tmp/research-wheel-latest-4495eec src/research_runtime src/active_road_mapping
Processing ./src/research_runtime
  Installing build dependencies: started
  Installing build dependencies: finished with status 'done'
  Getting requirements to build wheel: started
  Getting requirements to build wheel: finished with status 'done'
  Preparing metadata (pyproject.toml): started
  Preparing metadata (pyproject.toml): finished with status 'done'
Processing ./src/active_road_mapping
  Installing build dependencies: started
  Installing build dependencies: finished with status 'done'
  Getting requirements to build wheel: started
  Getting requirements to build wheel: finished with status 'done'
  Preparing metadata (pyproject.toml): started
  Preparing metadata (pyproject.toml): finished with status 'done'
Building wheels for collected packages: research_runtime, active_road_mapping
  Building wheel for research_runtime (pyproject.toml): started
  Building wheel for research_runtime (pyproject.toml): finished with status 'done'
  Created wheel for research_runtime: filename=research_runtime-0.1.0-py3-none-any.whl size=75660 sha256=f9868e84ae8ca457b9f447f80477e2917d14ede9585ac247e9c381beeeef6e9d
  Stored in directory: /private/var/folders/w9/l2kswtfn3fs2kslkvv5vg9sh0000gn/T/pip-ephem-wheel-cache-ggv_fbvk/wheels/8f/09/2e/77e84753c109d7c102381056707cff8f913703f80148832c74
  Building wheel for active_road_mapping (pyproject.toml): started
  Building wheel for active_road_mapping (pyproject.toml): finished with status 'done'
  Created wheel for active_road_mapping: filename=active_road_mapping-0.1.0-py3-none-any.whl size=19347 sha256=cab3f8577ea227d684c15013a8ccdcb6bf39c26db675a8c60e285e8da66c4a3f
  Stored in directory: /private/var/folders/w9/l2kswtfn3fs2kslkvv5vg9sh0000gn/T/pip-ephem-wheel-cache-ggv_fbvk/wheels/43/aa/f5/84d48fa193565eabba39f3f728c0b966bae296f547671923b5
Successfully built research_runtime active_road_mapping

exit_code=0
