[INFO] [1791464196.640118844] [active_observation]: OPERATOR_PAUSED_OR_PERMISSION_LOST
[INFO] [1791464199.138140605] [active_observation]: CANDIDATES_FROM_CURRENT_EVIDENCE
[INFO] [1791464199.233539133] [active_observation]: EGO_CANDIDATE_QUERY
[INFO] [1791464200.428770681] [active_observation]: WAITING_FOR_MEASURED_INPUTS
[INFO] [1791464200.539716300] [active_observation]: CANDIDATES_FROM_CURRENT_EVIDENCE
[INFO] [1791464200.633231371] [active_observation]: EGO_CANDIDATE_QUERY
[INFO] [1791464201.833214993] [active_observation]: SELECTED
[INFO] [1791464201.934354668] [active_observation]: EGO_CANDIDATE_QUERY
[INFO] [1791464202.039678855] [active_observation]: CANDIDATES_FROM_CURRENT_EVIDENCE
[INFO] [1791464202.133265775] [active_observation]: EGO_CANDIDATE_QUERY
[INFO] [1791464203.138540048] [active_observation]: CANDIDATES_FROM_CURRENT_EVIDENCE
[INFO] [1791464203.228671061] [active_observation]: WAITING_FOR_MEASURED_INPUTS
[INFO] [1791464203.349512800] [active_observation]: CANDIDATES_FROM_CURRENT_EVIDENCE
[INFO] [1791464203.428626508] [active_observation]: WAITING_FOR_MEASURED_INPUTS
[INFO] [1791464203.546141968] [active_observation]: CANDIDATES_FROM_CURRENT_EVIDENCE
[INFO] [1791464203.637820479] [active_observation]: EGO_CANDIDATE_QUERY
[INFO] [1791464204.937800008] [active_observation]: SELECTED
[INFO] [1791464205.040694387] [active_observation]: EGO_CANDIDATE_QUERY
[INFO] [1791464205.143614752] [active_observation]: CANDIDATES_FROM_CURRENT_EVIDENCE
[INFO] [1791464205.228988882] [active_observation]: WAITING_FOR_MEASURED_INPUTS
[INFO] [1791464205.343135889] [active_observation]: CANDIDATES_FROM_CURRENT_EVIDENCE
[INFO] [1791464205.437678928] [active_observation]: EGO_CANDIDATE_QUERY
[INFO] [1791464206.629031162] [active_observation]: WAITING_FOR_MEASURED_INPUTS
[INFO] [1791464206.742845512] [active_observation]: CANDIDATES_FROM_CURRENT_EVIDENCE
[INFO] [1791464206.842537414] [active_observation]: EGO_CANDIDATE_QUERY
[INFO] [1791464208.143959615] [active_observation]: CANDIDATES_FROM_CURRENT_EVIDENCE
[INFO] [1791464208.240685152] [active_observation]: EGO_CANDIDATE_QUERY
[INFO] [1791464209.438427215] [active_observation]: SELECTED
[INFO] [1791464209.541488332] [active_observation]: EGO_CANDIDATE_QUERY
[INFO] [1791464209.628844117] [active_observation]: WAITING_FOR_MEASURED_INPUTS
[INFO] [1791464209.745473718] [active_observation]: CANDIDATES_FROM_CURRENT_EVIDENCE
[INFO] [1791464209.838861920] [active_observation]: EGO_CANDIDATE_QUERY
[INFO] [1791464211.041959963] [active_observation]: SELECTED
[INFO] [1791464211.139342605] [active_observation]: EGO_CANDIDATE_QUERY
[INFO] [1791464211.349078115] [active_observation]: CANDIDATES_FROM_CURRENT_EVIDENCE
[INFO] [1791464211.439105868] [active_observation]: EGO_CANDIDATE_QUERY
[INFO] [1791464212.841601442] [active_observation]: SELECTED
[INFO] [1791464212.938906401] [active_observation]: EGO_CANDIDATE_QUERY
[INFO] [1791464213.041024035] [active_observation]: MOVING_TO_OBSERVATION_POSE
[INFO] [1791464232.843719680] [active_observation]: OBSERVATION_EXECUTION_TIMEOUT_UNCERTAIN
[INFO] [1791464232.944954969] [active_observation]: CANDIDATES_FROM_CURRENT_EVIDENCE
[INFO] [1791464233.041323904] [active_observation]: EGO_CANDIDATE_QUERY
[INFO] [1791464234.240191409] [active_observation]: PERIOD_NOT_DUE
[INFO] [1791464234.343895114] [active_observation]: CANDIDATES_FROM_CURRENT_EVIDENCE
[INFO] [1791464234.439828888] [active_observation]: EGO_CANDIDATE_QUERY
[INFO] [1791464235.339777355] [active_observation]: PERIOD_NOT_DUE
[INFO] [1791464235.429669670] [active_observation]: WAITING_FOR_MEASURED_INPUTS
[INFO] [1791464235.548182472] [active_observation]: CANDIDATES_FROM_CURRENT_EVIDENCE
[INFO] [1791464235.639514759] [active_observation]: EGO_CANDIDATE_QUERY
[INFO] [1791464236.541842402] [active_observation]: PERIOD_NOT_DUE
[INFO] [1791464236.644379018] [active_observation]: CANDIDATES_FROM_CURRENT_EVIDENCE
[INFO] [1791464236.739940936] [active_observation]: EGO_CANDIDATE_QUERY
[INFO] [1791464236.829894764] [active_observation]: WAITING_FOR_MEASURED_INPUTS
[INFO] [1791464236.944449199] [active_observation]: CANDIDATES_FROM_CURRENT_EVIDENCE
[INFO] [1791464237.042313945] [active_observation]: EGO_CANDIDATE_QUERY
[INFO] [1791464237.144494757] [active_observation]: CANDIDATES_FROM_CURRENT_EVIDENCE
[INFO] [1791464237.242110922] [active_observation]: EGO_CANDIDATE_QUERY
[INFO] [1791464238.140298181] [active_observation]: PERIOD_NOT_DUE
[INFO] [1791464238.244582919] [active_observation]: CANDIDATES_FROM_CURRENT_EVIDENCE
[INFO] [1791464238.340353341] [active_observation]: EGO_CANDIDATE_QUERY
[INFO] [1791464238.430158625] [active_observation]: WAITING_FOR_MEASURED_INPUTS
[INFO] [1791464238.547376616] [active_observation]: CANDIDATES_FROM_CURRENT_EVIDENCE
[INFO] [1791464238.629767214] [active_observation]: WAITING_FOR_MEASURED_INPUTS
[INFO] [1791464238.751395192] [active_observation]: CANDIDATES_FROM_CURRENT_EVIDENCE
[INFO] [1791464238.840050034] [active_observation]: EGO_CANDIDATE_QUERY
[INFO] [1791464240.140416066] [active_observation]: PERIOD_NOT_DUE
[INFO] [1791464240.246279398] [active_observation]: CANDIDATES_FROM_CURRENT_EVIDENCE
[INFO] [1791464240.340415176] [active_observation]: EGO_CANDIDATE_QUERY
[INFO] [1791464241.542212904] [active_observation]: PERIOD_NOT_DUE
[INFO] [1791464241.645584031] [active_observation]: CANDIDATES_FROM_CURRENT_EVIDENCE
[INFO] [1791464241.740154912] [active_observation]: EGO_CANDIDATE_QUERY
[INFO] [1791464242.940609558] [active_observation]: SELECTED
[INFO] [1791464243.042276287] [active_observation]: EGO_CANDIDATE_QUERY
[INFO] [1791464243.145800308] [active_observation]: CANDIDATES_FROM_CURRENT_EVIDENCE
[INFO] [1791464243.240918876] [active_observation]: EGO_CANDIDATE_QUERY
[INFO] [1791464244.440370660] [active_observation]: SELECTED
[INFO] [1791464244.542169910] [active_observation]: EGO_CANDIDATE_QUERY
[INFO] [1791464244.639820229] [active_observation]: MOVING_TO_OBSERVATION_POSE
[INFO] [1791464259.135818864] [active_observation]: BUDGET_EXHAUSTED
[INFO] [1791464261.230524479] [active_observation]: OPERATOR_PAUSED_OR_PERMISSION_LOST
