[INFO] [1791464332.159093993] [active_observation]: OPERATOR_PAUSED_OR_PERMISSION_LOST
[INFO] [1791464334.558695936] [active_observation]: CANDIDATES_FROM_CURRENT_EVIDENCE
[INFO] [1791464334.651961225] [active_observation]: EGO_CANDIDATE_QUERY
[INFO] [1791464335.852234481] [active_observation]: SELECTED
[INFO] [1791464335.952093752] [active_observation]: EGO_CANDIDATE_QUERY
[INFO] [1791464336.054657830] [active_observation]: MOVING_TO_OBSERVATION_POSE
[INFO] [1791464355.856574608] [active_observation]: OBSERVATION_EXECUTION_TIMEOUT_UNCERTAIN
[INFO] [1791464355.958190493] [active_observation]: CANDIDATES_FROM_CURRENT_EVIDENCE
[INFO] [1791464356.059095580] [active_observation]: EGO_CANDIDATE_QUERY
[INFO] [1791464356.757057042] [active_observation]: CANDIDATES_FROM_CURRENT_EVIDENCE
[INFO] [1791464356.855582963] [active_observation]: EGO_CANDIDATE_QUERY
[INFO] [1791464356.957003422] [active_observation]: CANDIDATES_FROM_CURRENT_EVIDENCE
[INFO] [1791464357.053559081] [active_observation]: EGO_CANDIDATE_QUERY
[INFO] [1791464357.957020764] [active_observation]: CANDIDATES_FROM_CURRENT_EVIDENCE
[INFO] [1791464358.053960006] [active_observation]: EGO_CANDIDATE_QUERY
[INFO] [1791464358.757020342] [active_observation]: CANDIDATES_FROM_CURRENT_EVIDENCE
[INFO] [1791464358.853632216] [active_observation]: EGO_CANDIDATE_QUERY
[INFO] [1791464360.054294254] [active_observation]: SELECTED
[INFO] [1791464360.155707061] [active_observation]: EGO_CANDIDATE_QUERY
[INFO] [1791464360.252367788] [active_observation]: MOVING_TO_OBSERVATION_POSE
[INFO] [1791464380.057182141] [active_observation]: OBSERVATION_EXECUTION_TIMEOUT_UNCERTAIN
[INFO] [1791464380.157469282] [active_observation]: CANDIDATES_FROM_CURRENT_EVIDENCE
[INFO] [1791464380.253434031] [active_observation]: EGO_CANDIDATE_QUERY
[INFO] [1791464381.453369773] [active_observation]: SELECTED
[INFO] [1791464381.554643055] [active_observation]: EGO_CANDIDATE_QUERY
[INFO] [1791464381.653112738] [active_observation]: MOVING_TO_OBSERVATION_POSE
[INFO] [1791464388.864422696] [active_observation]: GEOMETRY_RESOLVED_DURING_APPROACH
[INFO] [1791464388.959490941] [active_observation]: NO_SAFE_OBSERVATION_POSE
[INFO] [1791464394.549558862] [active_observation]: BUDGET_EXHAUSTED
[INFO] [1791464396.757770889] [active_observation]: OPERATOR_PAUSED_OR_PERMISSION_LOST
