[INFO] [launch]: All log files can be found below /research-ws/qualification/default-fd-ros/2026-10-08-07-53-26-027905-badger-linux-93
[INFO] [launch]: Default logging verbosity is set to INFO
[INFO] [launch.user]: Active-road research entry: no Nav2/MPPI/SLAM task stack
[INFO] [robot_state_publisher-1]: process started with pid [99]
[INFO] [joint_state_publisher-2]: process started with pid [103]
[INFO] [super_lio_node-3]: process started with pid [107]
[INFO] [super_lio_vehicle_adapter-4]: process started with pid [111]
[INFO] [super_lio_cloud_frame_adapter-5]: process started with pid [115]
[INFO] [active_road_map-6]: process started with pid [119]
[INFO] [active_road_evidence-7]: process started with pid [123]
[INFO] [active_observation-8]: process started with pid [127]
[INFO] [research_observed_ground-9]: process started with pid [131]
[INFO] [research_local_obstacle_grid-10]: process started with pid [135]
[INFO] [motion_plan-11]: process started with pid [139]
[INFO] [research_tf_guard-12]: process started with pid [143]
[INFO] [rtk_map_odom_corrector_node-13]: process started with pid [147]
[INFO] [corridor_cmd_vel_guard_node-14]: process started with pid [151]
[INFO] [research_safety_bridge-15]: process started with pid [155]
[INFO] [research_operator_console-16]: process started with pid [159]
[robot_state_publisher-1] [INFO] [1791446010.743641064] [robot_state_publisher]: got segment base_footprint
[robot_state_publisher-1] [INFO] [1791446010.746664268] [robot_state_publisher]: got segment base_link
[robot_state_publisher-1] [INFO] [1791446010.746806301] [robot_state_publisher]: got segment camera_link
[robot_state_publisher-1] [INFO] [1791446010.746848439] [robot_state_publisher]: got segment handle_bar_link
[robot_state_publisher-1] [INFO] [1791446010.746883383] [robot_state_publisher]: got segment handle_left_link
[robot_state_publisher-1] [INFO] [1791446010.746925164] [robot_state_publisher]: got segment handle_right_link
[robot_state_publisher-1] [INFO] [1791446010.746958397] [robot_state_publisher]: got segment imu_link
[robot_state_publisher-1] [INFO] [1791446010.746990076] [robot_state_publisher]: got segment laser_link
[robot_state_publisher-1] [INFO] [1791446010.747018896] [robot_state_publisher]: got segment left_back_wheel_link
[robot_state_publisher-1] [INFO] [1791446010.747050196] [robot_state_publisher]: got segment left_caster_link
[robot_state_publisher-1] [INFO] [1791446010.833523714] [robot_state_publisher]: got segment left_front_wheel_link
[robot_state_publisher-1] [INFO] [1791446010.833573590] [robot_state_publisher]: got segment right_back_wheel_link
[robot_state_publisher-1] [INFO] [1791446010.833614729] [robot_state_publisher]: got segment right_caster_link
[robot_state_publisher-1] [INFO] [1791446010.833650700] [robot_state_publisher]: got segment right_front_wheel_link
[super_lio_node-3] WARNING: Logging before InitGoogleLogging() is written to STDERR
[super_lio_node-3] I1008 07:53:32.534418   107 ROSWrapper.cpp:17] [32m ---> [Param] map/save_map: false[0m
[super_lio_node-3] I1008 07:53:32.639438   107 ROSWrapper.cpp:195] [32m ---> [Params]: Load from ROS2 parameter server.[0m
[super_lio_node-3] I1008 07:53:32.639575   107 ROSWrapper.cpp:279] [32m ---> Using Lidar type: LIVOX[0m
[super_lio_node-3]  ---> OctVoxMap init. Resolution: 0.5 Capacity: 2000000
[super_lio_node-3] I1008 07:53:33.138976   107 super_lio.cpp:86] [32m ---> [SuperLIO]: initialized.[0m
[motion_plan-11] [INFO] [1791446013.137778448] [ego_vehicle_adapter]: Vehicle EGO adapter ready; waiting for measured odom, road reference, obstacle grid and map version
[joint_state_publisher-2] [INFO] [1791446028.045890839] [joint_state_publisher]: Waiting for robot_description to be published on the robot_description topic...
[research_operator_console-16] [INFO] [1791446028.338938114] [research_operator_console]: Research cockpit: http://127.0.0.1:8886; startup mode=replay; actuator=False
[rtk_map_odom_corrector_node-13] [INFO] [1791446037.647145006] [rtk_map_odom_corrector]: RTK authority gates: yaw=20.0deg position=1.50m recovery=5/0.30s; release=0.20m/s 2.0deg/s
[WARNING] [launch]: user interrupted with ctrl-c (SIGINT)
[INFO] [research_operator_console-16]: sending signal 'SIGINT' to process[research_operator_console-16]
[INFO] [research_safety_bridge-15]: sending signal 'SIGINT' to process[research_safety_bridge-15]
[INFO] [corridor_cmd_vel_guard_node-14]: sending signal 'SIGINT' to process[corridor_cmd_vel_guard_node-14]
[INFO] [rtk_map_odom_corrector_node-13]: sending signal 'SIGINT' to process[rtk_map_odom_corrector_node-13]
[INFO] [research_tf_guard-12]: sending signal 'SIGINT' to process[research_tf_guard-12]
[INFO] [motion_plan-11]: sending signal 'SIGINT' to process[motion_plan-11]
[INFO] [research_local_obstacle_grid-10]: sending signal 'SIGINT' to process[research_local_obstacle_grid-10]
[INFO] [research_observed_ground-9]: sending signal 'SIGINT' to process[research_observed_ground-9]
[INFO] [active_observation-8]: sending signal 'SIGINT' to process[active_observation-8]
[INFO] [active_road_evidence-7]: sending signal 'SIGINT' to process[active_road_evidence-7]
[INFO] [active_road_map-6]: sending signal 'SIGINT' to process[active_road_map-6]
[INFO] [super_lio_cloud_frame_adapter-5]: sending signal 'SIGINT' to process[super_lio_cloud_frame_adapter-5]
[INFO] [super_lio_vehicle_adapter-4]: sending signal 'SIGINT' to process[super_lio_vehicle_adapter-4]
[INFO] [super_lio_node-3]: sending signal 'SIGINT' to process[super_lio_node-3]
[INFO] [joint_state_publisher-2]: sending signal 'SIGINT' to process[joint_state_publisher-2]
[INFO] [robot_state_publisher-1]: sending signal 'SIGINT' to process[robot_state_publisher-1]
[research_tf_guard-12] [INFO] [1791446140.133480413] [rclcpp]: signal_handler(SIGINT/SIGTERM)
[motion_plan-11] [INFO] [1791446140.142873666] [rclcpp]: signal_handler(SIGINT/SIGTERM)
[corridor_cmd_vel_guard_node-14] Traceback (most recent call last):
[corridor_cmd_vel_guard_node-14]   File "/research-ws/fresh14/install/gps_waypoint_dispatcher/lib/gps_waypoint_dispatcher/corridor_cmd_vel_guard_node", line 33, in <module>
[corridor_cmd_vel_guard_node-14]     sys.exit(load_entry_point('gps-waypoint-dispatcher==1.0.0', 'console_scripts', 'corridor_cmd_vel_guard_node')())
[corridor_cmd_vel_guard_node-14]   File "/research-ws/fresh14/install/gps_waypoint_dispatcher/lib/python3.10/site-packages/gps_waypoint_dispatcher/corridor_cmd_vel_guard_node.py", line 117, in main
[corridor_cmd_vel_guard_node-14]     rclpy.spin(node)
[corridor_cmd_vel_guard_node-14]   File "/opt/ros/humble/local/lib/python3.10/dist-packages/rclpy/__init__.py", line 229, in spin
[corridor_cmd_vel_guard_node-14]     executor.spin_once()
[corridor_cmd_vel_guard_node-14]   File "/opt/ros/humble/local/lib/python3.10/dist-packages/rclpy/executors.py", line 812, in spin_once
[corridor_cmd_vel_guard_node-14]     self._spin_once_impl(timeout_sec)
[corridor_cmd_vel_guard_node-14]   File "/opt/ros/humble/local/lib/python3.10/dist-packages/rclpy/executors.py", line 801, in _spin_once_impl
[corridor_cmd_vel_guard_node-14]     handler, entity, node = self.wait_for_ready_callbacks(timeout_sec=timeout_sec)
[corridor_cmd_vel_guard_node-14]   File "/opt/ros/humble/local/lib/python3.10/dist-packages/rclpy/executors.py", line 784, in wait_for_ready_callbacks
[corridor_cmd_vel_guard_node-14]     return next(self._cb_iter)
[corridor_cmd_vel_guard_node-14]   File "/opt/ros/humble/local/lib/python3.10/dist-packages/rclpy/executors.py", line 681, in _wait_for_ready_callbacks
[corridor_cmd_vel_guard_node-14]     wait_set.wait(timeout_nsec)
[corridor_cmd_vel_guard_node-14] KeyboardInterrupt
[super_lio_node-3] [INFO] [1791446140.937594413] [rclcpp]: signal_handler(SIGINT/SIGTERM)
[super_lio_node-3] I1008 07:55:41.039300   107 timer.h:40] >>> ===== Printing run time =====
[robot_state_publisher-1] [INFO] [1791446141.234561214] [rclcpp]: signal_handler(SIGINT/SIGTERM)
[INFO] [motion_plan-11]: process has finished cleanly [pid 139]
[research_operator_console-16] Traceback (most recent call last):
[research_operator_console-16]   File "/research-ws/fresh14/install/research_runtime/lib/research_runtime/research_operator_console", line 33, in <module>
[research_operator_console-16]     sys.exit(load_entry_point('research-runtime==0.1.0', 'console_scripts', 'research_operator_console')())
[research_operator_console-16]   File "/research-ws/fresh14/install/research_runtime/lib/python3.10/site-packages/research_runtime/console_node.py", line 248, in main
[research_operator_console-16]     try:rclpy.spin(node)
[research_operator_console-16]   File "/opt/ros/humble/local/lib/python3.10/dist-packages/rclpy/__init__.py", line 229, in spin
[research_operator_console-16]     executor.spin_once()
[research_operator_console-16]   File "/opt/ros/humble/local/lib/python3.10/dist-packages/rclpy/executors.py", line 812, in spin_once
[research_operator_console-16]     self._spin_once_impl(timeout_sec)
[research_operator_console-16]   File "/opt/ros/humble/local/lib/python3.10/dist-packages/rclpy/executors.py", line 809, in _spin_once_impl
[research_operator_console-16]     raise handler.exception()
[research_operator_console-16]   File "/opt/ros/humble/local/lib/python3.10/dist-packages/rclpy/task.py", line 309, in _execute_coroutine_step
[research_operator_console-16]     result = coro.send(None)
[research_operator_console-16]   File "/opt/ros/humble/local/lib/python3.10/dist-packages/rclpy/executors.py", line 478, in handler
[research_operator_console-16]     arg = take_from_wait_list(entity)
[research_operator_console-16]   File "/opt/ros/humble/local/lib/python3.10/dist-packages/rclpy/executors.py", line 400, in _take_subscription
[research_operator_console-16]     msg_info = sub.handle.take_message(sub.msg_type, sub.raw)
[research_operator_console-16] RuntimeError: Unable to convert call argument to Python object (compile in debug mode for details)
[super_lio_cloud_frame_adapter-5] Traceback (most recent call last):
[super_lio_cloud_frame_adapter-5]   File "/research-ws/fresh14/install/super_lio_vehicle_adapter/lib/super_lio_vehicle_adapter/super_lio_cloud_frame_adapter", line 33, in <module>
[super_lio_cloud_frame_adapter-5]     sys.exit(load_entry_point('super-lio-vehicle-adapter==0.1.0', 'console_scripts', 'super_lio_cloud_frame_adapter')())
[super_lio_cloud_frame_adapter-5]   File "/research-ws/fresh14/install/super_lio_vehicle_adapter/lib/python3.10/site-packages/super_lio_vehicle_adapter/cloud_frame_node.py", line 145, in main
[super_lio_cloud_frame_adapter-5]     rclpy.spin(node)
[super_lio_cloud_frame_adapter-5]   File "/opt/ros/humble/local/lib/python3.10/dist-packages/rclpy/__init__.py", line 229, in spin
[super_lio_cloud_frame_adapter-5]     executor.spin_once()
[super_lio_cloud_frame_adapter-5]   File "/opt/ros/humble/local/lib/python3.10/dist-packages/rclpy/executors.py", line 812, in spin_once
[super_lio_cloud_frame_adapter-5]     self._spin_once_impl(timeout_sec)
[super_lio_cloud_frame_adapter-5]   File "/opt/ros/humble/local/lib/python3.10/dist-packages/rclpy/executors.py", line 809, in _spin_once_impl
[super_lio_cloud_frame_adapter-5]     raise handler.exception()
[super_lio_cloud_frame_adapter-5]   File "/opt/ros/humble/local/lib/python3.10/dist-packages/rclpy/task.py", line 309, in _execute_coroutine_step
[super_lio_cloud_frame_adapter-5]     result = coro.send(None)
[super_lio_cloud_frame_adapter-5]   File "/opt/ros/humble/local/lib/python3.10/dist-packages/rclpy/executors.py", line 478, in handler
[super_lio_cloud_frame_adapter-5]     arg = take_from_wait_list(entity)
[super_lio_cloud_frame_adapter-5]   File "/opt/ros/humble/local/lib/python3.10/dist-packages/rclpy/executors.py", line 400, in _take_subscription
[super_lio_cloud_frame_adapter-5]     msg_info = sub.handle.take_message(sub.msg_type, sub.raw)
[super_lio_cloud_frame_adapter-5] RuntimeError: Unable to convert call argument to Python object (compile in debug mode for details)
[ERROR] [corridor_cmd_vel_guard_node-14]: process has died [pid 151, exit code -2, cmd '/research-ws/fresh14/install/gps_waypoint_dispatcher/lib/gps_waypoint_dispatcher/corridor_cmd_vel_guard_node --ros-args -r __node:=corridor_cmd_vel_guard --params-file /research-ws/fresh14/install/bringup/share/bringup/config/master_params.yaml --params-file /research-ws/tmp/launch_params_ly5hukd6'].
[INFO] [research_tf_guard-12]: process has finished cleanly [pid 143]
[INFO] [robot_state_publisher-1]: process has finished cleanly [pid 99]
[INFO] [research_safety_bridge-15]: process has finished cleanly [pid 155]
[INFO] [super_lio_node-3]: process has finished cleanly [pid 107]
[INFO] [rtk_map_odom_corrector_node-13]: process has finished cleanly [pid 147]
[INFO] [active_road_map-6]: process has finished cleanly [pid 119]
[INFO] [research_observed_ground-9]: process has finished cleanly [pid 131]
[INFO] [super_lio_vehicle_adapter-4]: process has finished cleanly [pid 111]
[INFO] [active_road_evidence-7]: process has finished cleanly [pid 123]
[ERROR] [super_lio_cloud_frame_adapter-5]: process has died [pid 115, exit code 1, cmd '/research-ws/fresh14/install/super_lio_vehicle_adapter/lib/super_lio_vehicle_adapter/super_lio_cloud_frame_adapter --ros-args -r __node:=super_lio_cloud_frame_adapter --params-file /research-ws/fresh14/install/bringup/share/bringup/config/super_lio_cloud_frame.yaml --params-file /research-ws/tmp/launch_params_ke0t9znq'].
[ERROR] [research_operator_console-16]: process has died [pid 159, exit code 1, cmd '/research-ws/fresh14/install/research_runtime/lib/research_runtime/research_operator_console --ros-args -r __node:=research_operator_console --params-file /research-ws/tmp/launch_params_bvqbiuy0'].
[INFO] [research_local_obstacle_grid-10]: process has finished cleanly [pid 135]
[INFO] [joint_state_publisher-2]: process has finished cleanly [pid 103]
[INFO] [active_observation-8]: process has finished cleanly [pid 127]
