...F...F....                                                             [100%]
=================================== FAILURES ===================================
_ test_message_take_keeps_context_alive_until_owned_node_cleanup[Signals.SIGINT-adapter_node.py-SuperLioVehicleAdapter] _

monkeypatch = <_pytest.monkeypatch.MonkeyPatch object at 0x7331843addb0>
signum = <Signals.SIGINT: 2>, module = <module 'adapter_node.py'>
class_name = 'SuperLioVehicleAdapter'

    @pytest.mark.parametrize("module,class_name", ENTRIES)
    @pytest.mark.parametrize("signum", [signal.SIGINT, signal.SIGTERM])
    def test_message_take_keeps_context_alive_until_owned_node_cleanup(monkeypatch, signum, module, class_name):
        events=[]
        previous={s:signal.getsignal(s) for s in (signal.SIGINT,signal.SIGTERM)}
        runtime=SimpleNamespace(alive=False)
        def shutdown():events.append(("shutdown",runtime.alive));runtime.alive=False
        def init(**kwargs):
            runtime.alive=True
            if kwargs.get("signal_handler_options") != "NO":
                # Default rclpy closes the context asynchronously on these signals.
                for s in previous:signal.signal(s,lambda *_:shutdown())
        def take(*_args,**_kwargs):
            signal.raise_signal(signum)
            if not runtime.alive:
                raise RuntimeError("take_message: context closed during conversion")
            events.append(("take_completed",runtime.alive))
        class Node:
            def destroy_node(self):events.append(("destroy",runtime.alive))
        monkeypatch.setattr(module,"rclpy",SimpleNamespace(init=init,ok=lambda:runtime.alive,
            spin=take,spin_once=take,shutdown=shutdown))
        monkeypatch.setattr(module,"SignalHandlerOptions",SimpleNamespace(NO="NO"),raising=False)
        monkeypatch.setattr(module,class_name,Node,raising=False)
        try:
>           module.main()

src/research_runtime/test/test_evidence_signal_ownership.py:47: 
_ _ _ _ _ _ _ _ _ _ _ _ _ _ _ _ _ _ _ _ _ _ _ _ _ _ _ _ _ _ _ _ _ _ _ _ _ _ _ _ 
src/super_lio_vehicle_adapter/super_lio_vehicle_adapter/adapter_node.py:509: in main
    rclpy.spin(node)
_ _ _ _ _ _ _ _ _ _ _ _ _ _ _ _ _ _ _ _ _ _ _ _ _ _ _ _ _ _ _ _ _ _ _ _ _ _ _ _ 

_args = (<test_evidence_signal_ownership.test_message_take_keeps_context_alive_until_owned_node_cleanup.<locals>.Node object at 0x7331843ae4d0>,)
_kwargs = {}

    def take(*_args,**_kwargs):
        signal.raise_signal(signum)
        if not runtime.alive:
>           raise RuntimeError("take_message: context closed during conversion")
E           RuntimeError: take_message: context closed during conversion

src/research_runtime/test/test_evidence_signal_ownership.py:38: RuntimeError
_ test_message_take_keeps_context_alive_until_owned_node_cleanup[Signals.SIGTERM-adapter_node.py-SuperLioVehicleAdapter] _

monkeypatch = <_pytest.monkeypatch.MonkeyPatch object at 0x733184411b40>
signum = <Signals.SIGTERM: 15>, module = <module 'adapter_node.py'>
class_name = 'SuperLioVehicleAdapter'

    @pytest.mark.parametrize("module,class_name", ENTRIES)
    @pytest.mark.parametrize("signum", [signal.SIGINT, signal.SIGTERM])
    def test_message_take_keeps_context_alive_until_owned_node_cleanup(monkeypatch, signum, module, class_name):
        events=[]
        previous={s:signal.getsignal(s) for s in (signal.SIGINT,signal.SIGTERM)}
        runtime=SimpleNamespace(alive=False)
        def shutdown():events.append(("shutdown",runtime.alive));runtime.alive=False
        def init(**kwargs):
            runtime.alive=True
            if kwargs.get("signal_handler_options") != "NO":
                # Default rclpy closes the context asynchronously on these signals.
                for s in previous:signal.signal(s,lambda *_:shutdown())
        def take(*_args,**_kwargs):
            signal.raise_signal(signum)
            if not runtime.alive:
                raise RuntimeError("take_message: context closed during conversion")
            events.append(("take_completed",runtime.alive))
        class Node:
            def destroy_node(self):events.append(("destroy",runtime.alive))
        monkeypatch.setattr(module,"rclpy",SimpleNamespace(init=init,ok=lambda:runtime.alive,
            spin=take,spin_once=take,shutdown=shutdown))
        monkeypatch.setattr(module,"SignalHandlerOptions",SimpleNamespace(NO="NO"),raising=False)
        monkeypatch.setattr(module,class_name,Node,raising=False)
        try:
>           module.main()

src/research_runtime/test/test_evidence_signal_ownership.py:47: 
_ _ _ _ _ _ _ _ _ _ _ _ _ _ _ _ _ _ _ _ _ _ _ _ _ _ _ _ _ _ _ _ _ _ _ _ _ _ _ _ 
src/super_lio_vehicle_adapter/super_lio_vehicle_adapter/adapter_node.py:509: in main
    rclpy.spin(node)
_ _ _ _ _ _ _ _ _ _ _ _ _ _ _ _ _ _ _ _ _ _ _ _ _ _ _ _ _ _ _ _ _ _ _ _ _ _ _ _ 

_args = (<test_evidence_signal_ownership.test_message_take_keeps_context_alive_until_owned_node_cleanup.<locals>.Node object at 0x733184410160>,)
_kwargs = {}

    def take(*_args,**_kwargs):
        signal.raise_signal(signum)
        if not runtime.alive:
>           raise RuntimeError("take_message: context closed during conversion")
E           RuntimeError: take_message: context closed during conversion

src/research_runtime/test/test_evidence_signal_ownership.py:38: RuntimeError
=========================== short test summary info ============================
FAILED src/research_runtime/test/test_evidence_signal_ownership.py::test_message_take_keeps_context_alive_until_owned_node_cleanup[Signals.SIGINT-adapter_node.py-SuperLioVehicleAdapter]
FAILED src/research_runtime/test/test_evidence_signal_ownership.py::test_message_take_keeps_context_alive_until_owned_node_cleanup[Signals.SIGTERM-adapter_node.py-SuperLioVehicleAdapter]
2 failed, 10 passed in 0.04s
