[INFO] [launch]: All log files can be found below /research-ws/qualification/ground-signal-ros/2026-10-08-12-07-52-778141-badger-linux-274
[INFO] [launch]: Default logging verbosity is set to INFO
[INFO] [launch.user]: Active-road research entry: no Nav2/MPPI/SLAM task stack
[INFO] [robot_state_publisher-1]: process started with pid [280]
[INFO] [joint_state_publisher-2]: process started with pid [284]
[INFO] [super_lio_node-3]: process started with pid [288]
[INFO] [super_lio_vehicle_adapter-4]: process started with pid [292]
[INFO] [super_lio_cloud_frame_adapter-5]: process started with pid [296]
[INFO] [active_road_map-6]: process started with pid [300]
[INFO] [active_road_evidence-7]: process started with pid [304]
[INFO] [active_observation-8]: process started with pid [308]
[INFO] [research_observed_ground-9]: process started with pid [312]
[INFO] [research_local_obstacle_grid-10]: process started with pid [316]
[INFO] [motion_plan-11]: process started with pid [320]
[INFO] [research_tf_guard-12]: process started with pid [324]
[INFO] [rtk_map_odom_corrector_node-13]: process started with pid [328]
[INFO] [corridor_cmd_vel_guard_node-14]: process started with pid [332]
[INFO] [research_safety_bridge-15]: process started with pid [336]
[INFO] [research_operator_console-16]: process started with pid [340]
[robot_state_publisher-1] [INFO] [1791461279.044445574] [robot_state_publisher]: got segment base_footprint
[robot_state_publisher-1] [INFO] [1791461279.139731983] [robot_state_publisher]: got segment base_link
[robot_state_publisher-1] [INFO] [1791461279.139968523] [robot_state_publisher]: got segment camera_link
[robot_state_publisher-1] [INFO] [1791461279.140029121] [robot_state_publisher]: got segment handle_bar_link
[robot_state_publisher-1] [INFO] [1791461279.140083274] [robot_state_publisher]: got segment handle_left_link
[robot_state_publisher-1] [INFO] [1791461279.140132848] [robot_state_publisher]: got segment handle_right_link
[robot_state_publisher-1] [INFO] [1791461279.140179613] [robot_state_publisher]: got segment imu_link
[robot_state_publisher-1] [INFO] [1791461279.140232137] [robot_state_publisher]: got segment laser_link
[robot_state_publisher-1] [INFO] [1791461279.140289871] [robot_state_publisher]: got segment left_back_wheel_link
[robot_state_publisher-1] [INFO] [1791461279.140351120] [robot_state_publisher]: got segment left_caster_link
[robot_state_publisher-1] [INFO] [1791461279.140412457] [robot_state_publisher]: got segment left_front_wheel_link
[robot_state_publisher-1] [INFO] [1791461279.140477636] [robot_state_publisher]: got segment right_back_wheel_link
[robot_state_publisher-1] [INFO] [1791461279.140539272] [robot_state_publisher]: got segment right_caster_link
[robot_state_publisher-1] [INFO] [1791461279.140598165] [robot_state_publisher]: got segment right_front_wheel_link
[super_lio_node-3] WARNING: Logging before InitGoogleLogging() is written to STDERR
[super_lio_node-3] I1008 12:07:59.644356   288 ROSWrapper.cpp:18] [32m ---> [Param] map/save_map: false[0m
[super_lio_node-3] I1008 12:07:59.838467   288 ROSWrapper.cpp:196] [32m ---> [Params]: Load from ROS2 parameter server.[0m
[super_lio_node-3] I1008 12:07:59.838630   288 ROSWrapper.cpp:280] [32m ---> Using Lidar type: LIVOX[0m
[motion_plan-11] [INFO] [1791461280.140993589] [ego_vehicle_adapter]: Vehicle EGO adapter ready; waiting for measured odom, road reference, obstacle grid and map version
[super_lio_node-3]  ---> OctVoxMap init. Resolution: 0.5 Capacity: 2000000
[super_lio_node-3] I1008 12:08:00.440758   288 super_lio.cpp:86] [32m ---> [SuperLIO]: initialized.[0m
[joint_state_publisher-2] [INFO] [1791461290.744196643] [joint_state_publisher]: Waiting for robot_description to be published on the robot_description topic...
[research_operator_console-16] [INFO] [1791461295.538569352] [research_operator_console]: Research cockpit: http://127.0.0.1:8897; startup mode=replay; actuator=False
[rtk_map_odom_corrector_node-13] [INFO] [1791461306.138713825] [rtk_map_odom_corrector]: RTK authority gates: yaw=20.0deg position=1.50m recovery=5/0.30s; release=0.20m/s 2.0deg/s
[WARNING] [launch]: user interrupted with ctrl-c (SIGINT)
[INFO] [research_operator_console-16]: sending signal 'SIGINT' to process[research_operator_console-16]
[INFO] [research_safety_bridge-15]: sending signal 'SIGINT' to process[research_safety_bridge-15]
[INFO] [corridor_cmd_vel_guard_node-14]: sending signal 'SIGINT' to process[corridor_cmd_vel_guard_node-14]
[INFO] [rtk_map_odom_corrector_node-13]: sending signal 'SIGINT' to process[rtk_map_odom_corrector_node-13]
[INFO] [research_tf_guard-12]: sending signal 'SIGINT' to process[research_tf_guard-12]
[INFO] [motion_plan-11]: sending signal 'SIGINT' to process[motion_plan-11]
[INFO] [research_local_obstacle_grid-10]: sending signal 'SIGINT' to process[research_local_obstacle_grid-10]
[INFO] [research_observed_ground-9]: sending signal 'SIGINT' to process[research_observed_ground-9]
[INFO] [active_observation-8]: sending signal 'SIGINT' to process[active_observation-8]
[INFO] [active_road_evidence-7]: sending signal 'SIGINT' to process[active_road_evidence-7]
[INFO] [active_road_map-6]: sending signal 'SIGINT' to process[active_road_map-6]
[INFO] [super_lio_cloud_frame_adapter-5]: sending signal 'SIGINT' to process[super_lio_cloud_frame_adapter-5]
[INFO] [super_lio_vehicle_adapter-4]: sending signal 'SIGINT' to process[super_lio_vehicle_adapter-4]
[INFO] [super_lio_node-3]: sending signal 'SIGINT' to process[super_lio_node-3]
[INFO] [joint_state_publisher-2]: sending signal 'SIGINT' to process[joint_state_publisher-2]
[INFO] [robot_state_publisher-1]: sending signal 'SIGINT' to process[robot_state_publisher-1]
[research_tf_guard-12] [INFO] [1791461530.636689886] [rclcpp]: signal_handler(SIGINT/SIGTERM)
[INFO] [research_tf_guard-12]: process has finished cleanly [pid 324]
[motion_plan-11] [INFO] [1791461530.737611815] [rclcpp]: signal_handler(SIGINT/SIGTERM)
[corridor_cmd_vel_guard_node-14] Traceback (most recent call last):
[corridor_cmd_vel_guard_node-14]   File "/research-ws/fresh14/install/gps_waypoint_dispatcher/lib/gps_waypoint_dispatcher/corridor_cmd_vel_guard_node", line 33, in <module>
[corridor_cmd_vel_guard_node-14]     sys.exit(load_entry_point('gps-waypoint-dispatcher==1.0.0', 'console_scripts', 'corridor_cmd_vel_guard_node')())
[corridor_cmd_vel_guard_node-14]   File "/research-ws/fresh14/install/gps_waypoint_dispatcher/lib/python3.10/site-packages/gps_waypoint_dispatcher/corridor_cmd_vel_guard_node.py", line 117, in main
[corridor_cmd_vel_guard_node-14]     rclpy.spin(node)
[corridor_cmd_vel_guard_node-14]   File "/opt/ros/humble/local/lib/python3.10/dist-packages/rclpy/__init__.py", line 229, in spin
[corridor_cmd_vel_guard_node-14]     executor.spin_once()
[corridor_cmd_vel_guard_node-14]   File "/opt/ros/humble/local/lib/python3.10/dist-packages/rclpy/executors.py", line 812, in spin_once
[corridor_cmd_vel_guard_node-14]     self._spin_once_impl(timeout_sec)
[corridor_cmd_vel_guard_node-14]   File "/opt/ros/humble/local/lib/python3.10/dist-packages/rclpy/executors.py", line 807, in _spin_once_impl
[corridor_cmd_vel_guard_node-14]     handler()
[corridor_cmd_vel_guard_node-14]   File "/opt/ros/humble/local/lib/python3.10/dist-packages/rclpy/task.py", line 293, in __call__
[corridor_cmd_vel_guard_node-14]     self._execute_coroutine_step(self._handler)
[corridor_cmd_vel_guard_node-14]   File "/opt/ros/humble/local/lib/python3.10/dist-packages/rclpy/task.py", line 309, in _execute_coroutine_step
[corridor_cmd_vel_guard_node-14]     result = coro.send(None)
[corridor_cmd_vel_guard_node-14]   File "/opt/ros/humble/local/lib/python3.10/dist-packages/rclpy/executors.py", line 488, in handler
[corridor_cmd_vel_guard_node-14]     await call_coroutine(entity, arg)
[corridor_cmd_vel_guard_node-14]   File "/opt/ros/humble/local/lib/python3.10/dist-packages/rclpy/executors.py", line 396, in _execute_timer
[corridor_cmd_vel_guard_node-14]     await await_or_execute(tmr.callback)
[corridor_cmd_vel_guard_node-14]   File "/opt/ros/humble/local/lib/python3.10/dist-packages/rclpy/executors.py", line 110, in await_or_execute
[corridor_cmd_vel_guard_node-14]     return callback(*args)
[corridor_cmd_vel_guard_node-14]   File "/research-ws/fresh14/install/gps_waypoint_dispatcher/lib/python3.10/site-packages/gps_waypoint_dispatcher/corridor_cmd_vel_guard_node.py", line 110, in _timer_callback
[corridor_cmd_vel_guard_node-14]     self._output_pub.publish(output)
[corridor_cmd_vel_guard_node-14]   File "/opt/ros/humble/local/lib/python3.10/dist-packages/rclpy/publisher.py", line 70, in publish
[corridor_cmd_vel_guard_node-14]     self.__publisher.publish(msg)
[corridor_cmd_vel_guard_node-14] KeyboardInterrupt
[super_lio_node-3] [INFO] [1791461531.840549056] [rclcpp]: signal_handler(SIGINT/SIGTERM)
[super_lio_node-3] I1008 12:12:11.938365   288 timer.h:40] >>> ===== Printing run time =====
[robot_state_publisher-1] [INFO] [1791461532.038902446] [rclcpp]: signal_handler(SIGINT/SIGTERM)
[ERROR] [corridor_cmd_vel_guard_node-14]: process has died [pid 332, exit code -2, cmd '/research-ws/fresh14/install/gps_waypoint_dispatcher/lib/gps_waypoint_dispatcher/corridor_cmd_vel_guard_node --ros-args -r __node:=corridor_cmd_vel_guard --params-file /research-ws/fresh14/install/bringup/share/bringup/config/master_params.yaml --params-file /research-ws/tmp/launch_params_ja5gtla3'].
[INFO] [motion_plan-11]: process has finished cleanly [pid 320]
[INFO] [research_local_obstacle_grid-10]: process has finished cleanly [pid 316]
[INFO] [research_safety_bridge-15]: process has finished cleanly [pid 336]
[INFO] [robot_state_publisher-1]: process has finished cleanly [pid 280]
[INFO] [super_lio_node-3]: process has finished cleanly [pid 288]
[INFO] [research_observed_ground-9]: process has finished cleanly [pid 312]
[INFO] [active_road_evidence-7]: process has finished cleanly [pid 304]
[INFO] [rtk_map_odom_corrector_node-13]: process has finished cleanly [pid 328]
[INFO] [research_operator_console-16]: process has finished cleanly [pid 340]
[INFO] [super_lio_vehicle_adapter-4]: process has finished cleanly [pid 292]
[INFO] [active_road_map-6]: process has finished cleanly [pid 300]
[INFO] [active_observation-8]: process has finished cleanly [pid 308]
[INFO] [joint_state_publisher-2]: process has finished cleanly [pid 284]
[INFO] [super_lio_cloud_frame_adapter-5]: process has finished cleanly [pid 296]
