{
  "domain": 93,
  "mode": "default replay",
  "test_only_overrides": {
    "console_port": 8897
  },
  "deliberate_override_probes": [],
  "missing_expected_nodes": [],
  "forbidden_nodes": [],
  "launch_exit_before_cleanup": null,
  "expected_child_count": 16,
  "status": "PASS",
  "cleanup_exit": 0,
  "owned_child_shutdown": [
    {
      "pid": 280,
      "launch_name": "robot_state_publisher-1",
      "exit": 0,
      "baseline_expected_interrupt": false,
      "alive_after_cleanup": false
    },
    {
      "pid": 284,
      "launch_name": "joint_state_publisher-2",
      "exit": 0,
      "baseline_expected_interrupt": false,
      "alive_after_cleanup": false
    },
    {
      "pid": 288,
      "launch_name": "super_lio_node-3",
      "exit": 0,
      "baseline_expected_interrupt": false,
      "alive_after_cleanup": false
    },
    {
      "pid": 292,
      "launch_name": "super_lio_vehicle_adapter-4",
      "exit": 0,
      "baseline_expected_interrupt": false,
      "alive_after_cleanup": false
    },
    {
      "pid": 296,
      "launch_name": "super_lio_cloud_frame_adapter-5",
      "exit": 0,
      "baseline_expected_interrupt": false,
      "alive_after_cleanup": false
    },
    {
      "pid": 300,
      "launch_name": "active_road_map-6",
      "exit": 0,
      "baseline_expected_interrupt": false,
      "alive_after_cleanup": false
    },
    {
      "pid": 304,
      "launch_name": "active_road_evidence-7",
      "exit": 0,
      "baseline_expected_interrupt": false,
      "alive_after_cleanup": false
    },
    {
      "pid": 308,
      "launch_name": "active_observation-8",
      "exit": 0,
      "baseline_expected_interrupt": false,
      "alive_after_cleanup": false
    },
    {
      "pid": 312,
      "launch_name": "research_observed_ground-9",
      "exit": 0,
      "baseline_expected_interrupt": false,
      "alive_after_cleanup": false
    },
    {
      "pid": 316,
      "launch_name": "research_local_obstacle_grid-10",
      "exit": 0,
      "baseline_expected_interrupt": false,
      "alive_after_cleanup": false
    },
    {
      "pid": 320,
      "launch_name": "motion_plan-11",
      "exit": 0,
      "baseline_expected_interrupt": false,
      "alive_after_cleanup": false
    },
    {
      "pid": 324,
      "launch_name": "research_tf_guard-12",
      "exit": 0,
      "baseline_expected_interrupt": false,
      "alive_after_cleanup": false
    },
    {
      "pid": 328,
      "launch_name": "rtk_map_odom_corrector_node-13",
      "exit": 0,
      "baseline_expected_interrupt": false,
      "alive_after_cleanup": false
    },
    {
      "pid": 332,
      "launch_name": "corridor_cmd_vel_guard_node-14",
      "exit": -2,
      "baseline_expected_interrupt": true,
      "alive_after_cleanup": false
    },
    {
      "pid": 336,
      "launch_name": "research_safety_bridge-15",
      "exit": 0,
      "baseline_expected_interrupt": false,
      "alive_after_cleanup": false
    },
    {
      "pid": 340,
      "launch_name": "research_operator_console-16",
      "exit": 0,
      "baseline_expected_interrupt": false,
      "alive_after_cleanup": false
    }
  ],
  "unexpected_shutdown_children": [],
  "clean_shutdown_status": "PASS"
}
