WARNING: Logging before InitGoogleLogging() is written to STDERR
I1008 11:15:22.076421   154 ROSWrapper.cpp:18] [32m ---> [Param] map/save_map: false[0m
I1008 11:15:22.082170   154 ROSWrapper.cpp:196] [32m ---> [Params]: Load from ROS2 parameter server.[0m
I1008 11:15:22.082248   154 ROSWrapper.cpp:280] [32m ---> Using Lidar type: LIVOX[0m
source scale=1 published norm2=1
source scale=1.0000239610671997 published norm2=1.0000000000000002
PASS: actual source pose/TF/body-twist/full covariance/world-cloud share one rotation; invalid SO3 withheld with explicit failure

{"status": "PASS", "architecture": "aarch64", "file_count": 30}
{
  "domain": 93,
  "mode": "default replay",
  "test_only_overrides": {
    "console_port": 8896
  },
  "deliberate_override_probes": [],
  "missing_expected_nodes": [],
  "forbidden_nodes": [],
  "launch_exit_before_cleanup": null,
  "expected_child_count": 16,
  "status": "FAIL",
  "cleanup_exit": 0,
  "owned_child_shutdown": [
    {
      "pid": 186,
      "launch_name": "robot_state_publisher-1",
      "exit": 0,
      "baseline_expected_interrupt": false,
      "alive_after_cleanup": false
    },
    {
      "pid": 190,
      "launch_name": "joint_state_publisher-2",
      "exit": 0,
      "baseline_expected_interrupt": false,
      "alive_after_cleanup": false
    },
    {
      "pid": 194,
      "launch_name": "super_lio_node-3",
      "exit": 0,
      "baseline_expected_interrupt": false,
      "alive_after_cleanup": false
    },
    {
      "pid": 198,
      "launch_name": "super_lio_vehicle_adapter-4",
      "exit": 0,
      "baseline_expected_interrupt": false,
      "alive_after_cleanup": false
    },
    {
      "pid": 202,
      "launch_name": "super_lio_cloud_frame_adapter-5",
      "exit": 0,
      "baseline_expected_interrupt": false,
      "alive_after_cleanup": false
    },
    {
      "pid": 206,
      "launch_name": "active_road_map-6",
      "exit": 0,
      "baseline_expected_interrupt": false,
      "alive_after_cleanup": false
    },
    {
      "pid": 210,
      "launch_name": "active_road_evidence-7",
      "exit": 1,
      "baseline_expected_interrupt": false,
      "alive_after_cleanup": false
    },
    {
      "pid": 214,
      "launch_name": "active_observation-8",
      "exit": 0,
      "baseline_expected_interrupt": false,
      "alive_after_cleanup": false
    },
    {
      "pid": 218,
      "launch_name": "research_observed_ground-9",
      "exit": 0,
      "baseline_expected_interrupt": false,
      "alive_after_cleanup": false
    },
    {
      "pid": 222,
      "launch_name": "research_local_obstacle_grid-10",
      "exit": 0,
      "baseline_expected_interrupt": false,
      "alive_after_cleanup": false
    },
    {
      "pid": 226,
      "launch_name": "motion_plan-11",
      "exit": 0,
      "baseline_expected_interrupt": false,
      "alive_after_cleanup": false
    },
    {
      "pid": 229,
      "launch_name": "research_tf_guard-12",
      "exit": 0,
      "baseline_expected_interrupt": false,
      "alive_after_cleanup": false
    },
    {
      "pid": 234,
      "launch_name": "rtk_map_odom_corrector_node-13",
      "exit": 0,
      "baseline_expected_interrupt": false,
      "alive_after_cleanup": false
    },
    {
      "pid": 238,
      "launch_name": "corridor_cmd_vel_guard_node-14",
      "exit": -2,
      "baseline_expected_interrupt": true,
      "alive_after_cleanup": false
    },
    {
      "pid": 242,
      "launch_name": "research_safety_bridge-15",
      "exit": 0,
      "baseline_expected_interrupt": false,
      "alive_after_cleanup": false
    },
    {
      "pid": 246,
      "launch_name": "research_operator_console-16",
      "exit": 0,
      "baseline_expected_interrupt": false,
      "alive_after_cleanup": false
    }
  ],
  "unexpected_shutdown_children": [
    {
      "pid": 210,
      "launch_name": "active_road_evidence-7",
      "exit": 1,
      "baseline_expected_interrupt": false,
      "alive_after_cleanup": false
    }
  ],
  "clean_shutdown_status": "FAIL"
}
