Starting >>> super_lio
[Processing: super_lio]
[Processing: super_lio]
[Processing: super_lio]
[Processing: super_lio]
[Processing: super_lio]
[Processing: super_lio]
[Processing: super_lio]
[Processing: super_lio]
[Processing: super_lio]
[Processing: super_lio]
[Processing: super_lio]
[Processing: super_lio]
[Processing: super_lio]
[Processing: super_lio]
[Processing: super_lio]
[Processing: super_lio]
[Processing: super_lio]
Finished <<< super_lio [8min 32s]

Summary: 1 package finished [8min 32s]
ARM64_UNIT_FRAME_SUPER_BUILD_COMPLETED
