#0 building with "desktop-linux" instance using docker driver

#1 [internal] load build definition from Dockerfile.source
#1 transferring dockerfile: 135B done
#1 DONE 0.0s

#2 [internal] load metadata for docker.io/library/ros2-go2:humble
#2 DONE 0.0s

#3 [internal] load .dockerignore
#3 transferring context: 2B done
#3 DONE 0.0s

#4 [1/3] FROM docker.io/library/ros2-go2:humble@sha256:6da9c1f6eb47c4413e5d28bfae51af5a7ef55a63088cdd4d66b023fc31a4b0e7
#4 resolve docker.io/library/ros2-go2:humble@sha256:6da9c1f6eb47c4413e5d28bfae51af5a7ef55a63088cdd4d66b023fc31a4b0e7 0.0s done
#4 DONE 0.0s

#5 [internal] load build context
#5 transferring context: 199.28kB 0.1s done
#5 DONE 0.1s

#6 [2/3] COPY src /vehicle-research/src
#6 CACHED

#7 [3/3] COPY patches /vehicle-research/patches
#7 DONE 0.0s

#8 exporting to image
#8 exporting layers 0.0s done
#8 exporting manifest sha256:a4a6d650742f83d86883170d9f4703fbd5e2e8fd8e0c5dec3a897df2a852c6da done
#8 exporting config sha256:f6b6fd8bef98a8ac8811003ab8b763724147354333721e6362305cba090bfeeb done
#8 exporting attestation manifest sha256:2104d0601abdd47c3579dd2cefafc1948f3e100b495cfde44ad5d2dfd846c3ab done
#8 exporting manifest list sha256:88da5f8e8eccd4879ac1a311397756955d4c036b8c0bd91c3511e43651f6382f done
#8 naming to docker.io/library/ros2-go2:vehicle-source3 done
#8 unpacking to docker.io/library/ros2-go2:vehicle-source3 0.0s done
#8 DONE 0.1s
