[INFO] [1791464264.399938626] [active_observation]: OPERATOR_PAUSED_OR_PERMISSION_LOST
[INFO] [1791464266.794799015] [active_observation]: WAITING_FOR_MEASURED_INPUTS
[INFO] [1791464266.906765960] [active_observation]: CANDIDATES_FROM_CURRENT_EVIDENCE
[INFO] [1791464266.988669223] [active_observation]: WAITING_FOR_MEASURED_INPUTS
[INFO] [1791464267.107429537] [active_observation]: CANDIDATES_FROM_CURRENT_EVIDENCE
[INFO] [1791464267.188734176] [active_observation]: WAITING_FOR_MEASURED_INPUTS
[INFO] [1791464267.312984960] [active_observation]: CANDIDATES_FROM_CURRENT_EVIDENCE
[INFO] [1791464267.402594016] [active_observation]: EGO_CANDIDATE_QUERY
[INFO] [1791464268.602487975] [active_observation]: SELECTED
[INFO] [1791464268.702266868] [active_observation]: EGO_CANDIDATE_QUERY
[INFO] [1791464268.808173290] [active_observation]: MOVING_TO_OBSERVATION_POSE
[INFO] [1791464273.588914467] [active_observation]: WAITING_FOR_MEASURED_INPUTS
[INFO] [1791464273.702316051] [active_observation]: MOVING_TO_OBSERVATION_POSE
[INFO] [1791464288.611157126] [active_observation]: OBSERVATION_EXECUTION_TIMEOUT_UNCERTAIN
[INFO] [1791464288.707565476] [active_observation]: CANDIDATES_FROM_CURRENT_EVIDENCE
[INFO] [1791464288.814612508] [active_observation]: EGO_CANDIDATE_QUERY
[INFO] [1791464290.003038308] [active_observation]: PERIOD_NOT_DUE
[INFO] [1791464290.107257460] [active_observation]: CANDIDATES_FROM_CURRENT_EVIDENCE
[INFO] [1791464290.202842091] [active_observation]: EGO_CANDIDATE_QUERY
[INFO] [1791464291.403159855] [active_observation]: PERIOD_NOT_DUE
[INFO] [1791464291.509125083] [active_observation]: CANDIDATES_FROM_CURRENT_EVIDENCE
[INFO] [1791464291.604556581] [active_observation]: EGO_CANDIDATE_QUERY
[INFO] [1791464292.809638268] [active_observation]: PERIOD_NOT_DUE
[INFO] [1791464292.907974791] [active_observation]: CANDIDATES_FROM_CURRENT_EVIDENCE
[INFO] [1791464293.010664063] [active_observation]: EGO_CANDIDATE_QUERY
[INFO] [1791464294.703619778] [active_observation]: PERIOD_NOT_DUE
[INFO] [1791464294.814074021] [active_observation]: CANDIDATES_FROM_CURRENT_EVIDENCE
[INFO] [1791464294.906511303] [active_observation]: EGO_CANDIDATE_QUERY
[INFO] [1791464296.103339947] [active_observation]: PERIOD_NOT_DUE
[INFO] [1791464296.207252482] [active_observation]: CANDIDATES_FROM_CURRENT_EVIDENCE
[INFO] [1791464296.308161192] [active_observation]: EGO_CANDIDATE_QUERY
[INFO] [1791464297.703081788] [active_observation]: PERIOD_NOT_DUE
[INFO] [1791464297.819759810] [active_observation]: CANDIDATES_FROM_CURRENT_EVIDENCE
[INFO] [1791464297.903941006] [active_observation]: EGO_CANDIDATE_QUERY
[INFO] [1791464299.403217186] [active_observation]: SELECTED
[INFO] [1791464299.503524313] [active_observation]: EGO_CANDIDATE_QUERY
[INFO] [1791464299.607677377] [active_observation]: CANDIDATES_FROM_CURRENT_EVIDENCE
[INFO] [1791464299.703342579] [active_observation]: EGO_CANDIDATE_QUERY
[INFO] [1791464300.903081741] [active_observation]: SELECTED
[INFO] [1791464301.003490556] [active_observation]: EGO_CANDIDATE_QUERY
[INFO] [1791464301.103003286] [active_observation]: MOVING_TO_OBSERVATION_POSE
[INFO] [1791464302.989552548] [active_observation]: WAITING_FOR_MEASURED_INPUTS
[INFO] [1791464303.104054959] [active_observation]: MOVING_TO_OBSERVATION_POSE
[INFO] [1791464303.189898586] [active_observation]: WAITING_FOR_MEASURED_INPUTS
[INFO] [1791464303.319534681] [active_observation]: MOVING_TO_OBSERVATION_POSE
[INFO] [1791464304.989718571] [active_observation]: WAITING_FOR_MEASURED_INPUTS
[INFO] [1791464305.103611437] [active_observation]: MOVING_TO_OBSERVATION_POSE
[INFO] [1791464307.794755992] [active_observation]: WAITING_FOR_MEASURED_INPUTS
[INFO] [1791464307.903534256] [active_observation]: MOVING_TO_OBSERVATION_POSE
[INFO] [1791464310.389777932] [active_observation]: WAITING_FOR_MEASURED_INPUTS
[INFO] [1791464310.504241689] [active_observation]: MOVING_TO_OBSERVATION_POSE
[INFO] [1791464320.915614053] [active_observation]: OBSERVATION_EXECUTION_TIMEOUT_UNCERTAIN
[INFO] [1791464321.010941059] [active_observation]: CANDIDATES_FROM_CURRENT_EVIDENCE
[INFO] [1791464321.104549238] [active_observation]: EGO_CANDIDATE_QUERY
[INFO] [1791464322.310775092] [active_observation]: PERIOD_NOT_DUE
[INFO] [1791464322.408167271] [active_observation]: CANDIDATES_FROM_CURRENT_EVIDENCE
[INFO] [1791464322.504869208] [active_observation]: EGO_CANDIDATE_QUERY
[INFO] [1791464323.604475939] [active_observation]: PERIOD_NOT_DUE
[INFO] [1791464323.708712998] [active_observation]: CANDIDATES_FROM_CURRENT_EVIDENCE
[INFO] [1791464323.809456097] [active_observation]: EGO_CANDIDATE_QUERY
[INFO] [1791464324.390442344] [active_observation]: WAITING_FOR_MEASURED_INPUTS
[INFO] [1791464324.510310934] [active_observation]: CANDIDATES_FROM_CURRENT_EVIDENCE
[INFO] [1791464324.590316937] [active_observation]: WAITING_FOR_MEASURED_INPUTS
[INFO] [1791464324.709982248] [active_observation]: CANDIDATES_FROM_CURRENT_EVIDENCE
[INFO] [1791464324.795202427] [active_observation]: WAITING_FOR_MEASURED_INPUTS
[INFO] [1791464324.910539548] [active_observation]: CANDIDATES_FROM_CURRENT_EVIDENCE
[INFO] [1791464325.004925303] [active_observation]: EGO_CANDIDATE_QUERY
[INFO] [1791464326.190344032] [active_observation]: WAITING_FOR_MEASURED_INPUTS
[INFO] [1791464326.314979145] [active_observation]: CANDIDATES_FROM_CURRENT_EVIDENCE
[INFO] [1791464326.390426984] [active_observation]: WAITING_FOR_MEASURED_INPUTS
[INFO] [1791464326.510141414] [active_observation]: CANDIDATES_FROM_CURRENT_EVIDENCE
[INFO] [1791464326.618540282] [active_observation]: EGO_CANDIDATE_QUERY
[INFO] [1791464326.890498368] [active_observation]: BUDGET_EXHAUSTED
[INFO] [1791464328.990930372] [active_observation]: OPERATOR_PAUSED_OR_PERMISSION_LOST
